pecas 119
C:\AGENTES COMPIERE\GIT_WORKSPACE_COMPIERE\gerar_caderno.py:1835: DeprecationWarning: Testing an element's truth value will always return True in future versions.  Use specific 'len(elem)' or 'elem is not None' test instead.
  rf = {g.tag: g.get('REFERENCE') for g in (it.find('REFERENCES') or [])}
CORES: 35 pecas coloridas pelo MATERIAIS (medidas no XML: 30)
   Pecan                    20 pecas <- ..\texturas\pecan.jpg
   Branco                   15 pecas <- ..\texturas\branco.jpg
INTEGRIDADE: OK | Armário 1 Porta | XML=1 DXF=1 | 320x2210x640
INTEGRIDADE: OK | Armário 2 Portas | XML=1 DXF=1 | 700x540x350
INTEGRIDADE: OK | Balcão 2 Portas | XML=1 DXF=1 | 625x738x529
INTEGRIDADE: OK | Painel Pecan MDF | XML=1 DXF=1 | 690x25x250
INTEGRIDADE: OK | Tamponamento | XML=1 DXF=1 | 2210x18x70
INTEGRIDADE: OK | Tamponamento | XML=1 DXF=1 | 738x18x70
INTEGRIDADE: OK | Vista | XML=1 DXF=1 | 332x18x70
INTEGRIDADE: OK | Vista | XML=1 DXF=1 | 422x18x70
INTEGRIDADE: OK | Vista | XML=1 DXF=1 | 342x18x70
INTEGRIDADE: OK | Vista | XML=1 DXF=1 | 700x18x70
005.B: Balcão 2 Portas 625x738x529: y+ -> x-
AMBIENTE (eletros/objetos): 0 peças
AMBIENTE (pedra): 0 peças
FLUXO NORMAL: 2 paredes; 0 grupos destinados aos especiais
PUXADORES: 0 (regra desligada; o DXF não traz puxador)
ESCONDIDAS (fora da listagem) em VISTA A: 1
    Vista 332x18x70
ESCONDIDAS (fora da listagem) em VISTA B: 1
    Tamponamento 738x18x70
# QUALIDADE — RAFAEL CLARET / Area Servico (gerado por script)

- APROVADO | nº de pranchas 8 = 4 + 2 listagens + 0 divisões + 2 cotas (sem extras/especiais)
- APROVADO | itens localizados no DXF: 10/10
- APROVADO | XML confere com o projeto (baseado em itens localizados no DXF)
- APROVADO | texturas dos materiais
- VISTA A: paredes y+@1612 | 7 linhas de listagem
- VISTA B: paredes x-@30 | 1 linhas de listagem | CONDIÇÕES -> 1 nicho(s) em subimagem
  A1: Armário 1 Porta 320x2210x640
  A2: Armário 2 Portas 700x540x350
  A3: Painel Pecan MDF 690x25x250
  A4: Tamponamento 2210x18x70
  A5: Vista 422x18x70
  A6: Vista 342x18x70
  A7: Vista 700x18x70
  B1: Balcão 2 Portas 625x738x529
OK C:\AGENTES COMPIERE\GIT_WORKSPACE_COMPIERE\SAIDAS_RAFAEL_SEM_COZINHA\20261006_120253\AREA_SERVICO\CADERNO - AREA_SERVICO.pdf
